Copyright 1986-2022 Xilinx, Inc. All Rights Reserved. Copyright 2022-2026 Advanced Micro Devices, Inc. All Rights Reserved.
---------------------------------------------------------------------------------------------------------------------------------------------
| Tool Version : Vivado v.2025.2.1 (win64) Build 6403652 Thu Mar 19 19:48:24 GMT 2026
| Date         : Fri Sep 11 12:58:59 2026
| Host         : Uie-laptop running 64-bit major release  (build 9200)
| Command      : report_timing_summary -file D:/Software/Xiaomi_MiMo/video/zynq_video_pipeline/output/timing_summary.rpt
| Design       : pl_demo_top
| Device       : 7z020-clg484
| Speed File   : -2  PRODUCTION 1.12 2019-11-22
| Design State : Routed
---------------------------------------------------------------------------------------------------------------------------------------------

Timing Summary Report

------------------------------------------------------------------------------------------------
| Timer Settings
| --------------
------------------------------------------------------------------------------------------------

  Enable Multi Corner Analysis               :  Yes
  Enable Pessimism Removal                   :  Yes
  Pessimism Removal Resolution               :  Nearest Common Node
  Enable Input Delay Default Clock           :  No
  Enable Preset / Clear Arcs                 :  No
  Disable Flight Delays                      :  No
  Ignore I/O Paths                           :  No
  Timing Early Launch at Borrowing Latches   :  No
  Borrow Time for Max Delay Exceptions       :  Yes
  Merge Timing Exceptions                    :  Yes
  Inter-SLR Compensation                     :  Conservative

  Corner  Analyze    Analyze    
  Name    Max Paths  Min Paths  
  ------  ---------  ---------  
  Slow    Yes        Yes        
  Fast    Yes        Yes        


------------------------------------------------------------------------------------------------
| Report Methodology
| ------------------
------------------------------------------------------------------------------------------------

Rule       Severity  Description                                                Violations  
---------  --------  ---------------------------------------------------------  ----------  
SYNTH-5    Warning   Mapped onto distributed RAM because of timing constraints  32          
SYNTH-6    Warning   Timing of a RAM block might be sub-optimal                 1           
TIMING-18  Warning   Missing input or output delay                              2           

Note: This report is based on the most recent report_methodology run and may not be up-to-date. Run report_methodology on the current design for the latest report.



check_timing report

Table of Contents
-----------------
1. checking no_clock (0)
2. checking constant_clock (0)
3. checking pulse_width_clock (0)
4. checking unconstrained_internal_endpoints (0)
5. checking no_input_delay (2)
6. checking no_output_delay (6)
7. checking multiple_clock (0)
8. checking generated_clocks (0)
9. checking loops (0)
10. checking partial_input_delay (0)
11. checking partial_output_delay (0)
12. checking latch_loops (0)

1. checking no_clock (0)
------------------------
 There are 0 register/latch pins with no clock.


2. checking constant_clock (0)
------------------------------
 There are 0 register/latch pins with constant_clock.


3. checking pulse_width_clock (0)
---------------------------------
 There are 0 register/latch pins which need pulse_width check


4. checking unconstrained_internal_endpoints (0)
------------------------------------------------
 There are 0 pins that are not constrained for maximum delay.

 There are 0 pins that are not constrained for maximum delay due to constant clock.


5. checking no_input_delay (2)
------------------------------
 There are 0 input ports with no input delay specified.

 There are 2 input ports with no input delay but user has a false path constraint. (MEDIUM)


6. checking no_output_delay (6)
-------------------------------
 There are 6 ports with no output delay specified. (HIGH)

 There are 0 ports with no output delay but user has a false path constraint

 There are 0 ports with no output delay but with a timing clock defined on it or propagating through it


7. checking multiple_clock (0)
------------------------------
 There are 0 register/latch pins with multiple clocks.


8. checking generated_clocks (0)
--------------------------------
 There are 0 generated clocks that are not connected to a clock source.


9. checking loops (0)
---------------------
 There are 0 combinational loops in the design.


10. checking partial_input_delay (0)
------------------------------------
 There are 0 input ports with partial input delay specified.


11. checking partial_output_delay (0)
-------------------------------------
 There are 0 ports with partial output delay specified.


12. checking latch_loops (0)
----------------------------
 There are 0 combinational latch loops in the design through latch input



------------------------------------------------------------------------------------------------
| Design Timing Summary
| ---------------------
------------------------------------------------------------------------------------------------

    WNS(ns)      TNS(ns)  TNS Failing Endpoints  TNS Total Endpoints      WHS(ns)      THS(ns)  THS Failing Endpoints  THS Total Endpoints     WPWS(ns)     TPWS(ns)  TPWS Failing Endpoints  TPWS Total Endpoints  
    -------      -------  ---------------------  -------------------      -------      -------  ---------------------  -------------------     --------     --------  ----------------------  --------------------  
     10.666        0.000                      0                 2135        0.086        0.000                      0                 2135        2.408        0.000                       0                   633  


All user specified timing constraints are met.


------------------------------------------------------------------------------------------------
| Clock Summary
| -------------
------------------------------------------------------------------------------------------------

Clock       Waveform(ns)         Period(ns)      Frequency(MHz)
-----       ------------         ----------      --------------
sys_clk     {0.000 10.000}       20.000          50.000          
  clkfbout  {0.000 10.000}       20.000          50.000          
  clkout0   {0.000 10.000}       20.000          50.000          
  clkout1   {0.000 2.000}        4.000           250.000         


------------------------------------------------------------------------------------------------
| Intra Clock Table
| -----------------
------------------------------------------------------------------------------------------------

Clock             WNS(ns)      TNS(ns)  TNS Failing Endpoints  TNS Total Endpoints      WHS(ns)      THS(ns)  THS Failing Endpoints  THS Total Endpoints     WPWS(ns)     TPWS(ns)  TPWS Failing Endpoints  TPWS Total Endpoints  
-----             -------      -------  ---------------------  -------------------      -------      -------  ---------------------  -------------------     --------     --------  ----------------------  --------------------  
sys_clk            16.351        0.000                      0                   91        0.188        0.000                      0                   91        7.000        0.000                       0                    86  
  clkfbout                                                                                                                                                     18.408        0.000                       0                     3  
  clkout0          12.098        0.000                      0                 2008        0.086        0.000                      0                 2008        8.870        0.000                       0                   534  
  clkout1                                                                                                                                                       2.408        0.000                       0                    10  


------------------------------------------------------------------------------------------------
| Inter Clock Table
| -----------------
------------------------------------------------------------------------------------------------

From Clock    To Clock          WNS(ns)      TNS(ns)  TNS Failing Endpoints  TNS Total Endpoints      WHS(ns)      THS(ns)  THS Failing Endpoints  THS Total Endpoints  
----------    --------          -------      -------  ---------------------  -------------------      -------      -------  ---------------------  -------------------  
sys_clk       clkout0            10.666        0.000                      0                  132        0.516        0.000                      0                  132  


------------------------------------------------------------------------------------------------
| Other Path Groups Table
| -----------------------
------------------------------------------------------------------------------------------------

Path Group    From Clock    To Clock          WNS(ns)      TNS(ns)  TNS Failing Endpoints  TNS Total Endpoints      WHS(ns)      THS(ns)  THS Failing Endpoints  THS Total Endpoints  
----------    ----------    --------          -------      -------  ---------------------  -------------------      -------      -------  ---------------------  -------------------  


------------------------------------------------------------------------------------------------
| Timing Details
| --------------
------------------------------------------------------------------------------------------------


---------------------------------------------------------------------------------------------------
From Clock:  sys_clk
  To Clock:  sys_clk

Setup :            0  Failing Endpoints,  Worst Slack       16.351ns,  Total Violation        0.000ns
Hold  :            0  Failing Endpoints,  Worst Slack        0.188ns,  Total Violation        0.000ns
PW    :            0  Failing Endpoints,  Worst Slack        7.000ns,  Total Violation        0.000ns
---------------------------------------------------------------------------------------------------


Max Delay Paths
--------------------------------------------------------------------------------------
Slack (MET) :             16.351ns  (required time - arrival time)
  Source:                 u_pl/u_ang/angle_reg[0]/C
                            (rising edge-triggered cell FDRE clocked by sys_clk  {rise@0.000ns fall@10.000ns period=20.000ns})
  Destination:            u_pl/u_ang/angle_reg[5]/D
                            (rising edge-triggered cell FDRE clocked by sys_clk  {rise@0.000ns fall@10.000ns period=20.000ns})
  Path Group:             sys_clk
  Path Type:              Setup (Max at Slow Process Corner)
  Requirement:            20.000ns  (sys_clk rise@20.000ns - sys_clk rise@0.000ns)
  Data Path Delay:        3.507ns  (logic 0.643ns (18.333%)  route 2.864ns (81.667%))
  Logic Levels:           2  (LUT5=2)
  Clock Path Skew:        -0.062ns (DCD - SCD + CPR)
    Destination Clock Delay (DCD):    4.482ns = ( 24.482 - 20.000 ) 
    Source Clock Delay      (SCD):    4.886ns
    Clock Pessimism Removal (CPR):    0.342ns
  Clock Uncertainty:      0.035ns  ((TSJ^2 + TIJ^2)^1/2 + DJ) / 2 + PE
    Total System Jitter     (TSJ):    0.071ns
    Total Input Jitter      (TIJ):    0.000ns
    Discrete Jitter          (DJ):    0.000ns
    Phase Error              (PE):    0.000ns

    Location             Delay type                Incr(ns)  Path(ns)    Netlist Resource(s)
  -------------------------------------------------------------------    -------------------
                         (clock sys_clk rise edge)    0.000     0.000 r  
    W17                                               0.000     0.000 r  sys_clk (IN)
                         net (fo=0)                   0.000     0.000    sys_clk
    W17                  IBUF (Prop_ibuf_I_O)         1.415     1.415 r  sys_clk_IBUF_inst/O
                         net (fo=1, routed)           1.873     3.288    sys_clk_IBUF
    BUFGCTRL_X0Y2        BUFG (Prop_bufg_I_O)         0.085     3.373 r  sys_clk_IBUF_BUFG_inst/O
                         net (fo=85, routed)          1.513     4.886    u_pl/u_ang/sys_clk_IBUF_BUFG
    SLICE_X94Y16         FDRE                                         r  u_pl/u_ang/angle_reg[0]/C
  -------------------------------------------------------------------    -------------------
    SLICE_X94Y16         FDRE (Prop_fdre_C_Q)         0.433     5.319 r  u_pl/u_ang/angle_reg[0]/Q
                         net (fo=101, routed)         1.885     7.204    u_pl/u_ang/angle_reg[0]_0
    SLICE_X93Y17         LUT5 (Prop_lut5_I2_O)        0.105     7.309 r  u_pl/u_ang/angle[5]_i_3/O
                         net (fo=1, routed)           0.551     7.860    u_pl/u_ang/angle[5]_i_3_n_0
    SLICE_X93Y17         LUT5 (Prop_lut5_I4_O)        0.105     7.965 r  u_pl/u_ang/angle[5]_i_1/O
                         net (fo=1, routed)           0.428     8.393    u_pl/u_ang/p_1_in[5]
    SLICE_X93Y17         FDRE                                         r  u_pl/u_ang/angle_reg[5]/D
  -------------------------------------------------------------------    -------------------

                         (clock sys_clk rise edge)   20.000    20.000 r  
    W17                                               0.000    20.000 r  sys_clk (IN)
                         net (fo=0)                   0.000    20.000    sys_clk
    W17                  IBUF (Prop_ibuf_I_O)         1.349    21.349 r  sys_clk_IBUF_inst/O
                         net (fo=1, routed)           1.701    23.050    sys_clk_IBUF
    BUFGCTRL_X0Y2        BUFG (Prop_bufg_I_O)         0.077    23.127 r  sys_clk_IBUF_BUFG_inst/O
                         net (fo=85, routed)          1.355    24.482    u_pl/u_ang/sys_clk_IBUF_BUFG
    SLICE_X93Y17         FDRE                                         r  u_pl/u_ang/angle_reg[5]/C
                         clock pessimism              0.342    24.824    
                         clock uncertainty           -0.035    24.789    
    SLICE_X93Y17         FDRE (Setup_fdre_C_D)       -0.044    24.745    u_pl/u_ang/angle_reg[5]
  -------------------------------------------------------------------
                         required time                         24.745    
                         arrival time                          -8.393    
  -------------------------------------------------------------------
                         slack                                 16.351    





Min Delay Paths
--------------------------------------------------------------------------------------
Slack (MET) :             0.188ns  (arrival time - required time)
  Source:                 u_pl/u_k1/key_prev_reg/C
                            (rising edge-triggered cell FDRE clocked by sys_clk  {rise@0.000ns fall@10.000ns period=20.000ns})
  Destination:            u_pl/u_k1/pulse_reg/D
                            (rising edge-triggered cell FDRE clocked by sys_clk  {rise@0.000ns fall@10.000ns period=20.000ns})
  Path Group:             sys_clk
  Path Type:              Hold (Min at Fast Process Corner)
  Requirement:            0.000ns  (sys_clk rise@0.000ns - sys_clk rise@0.000ns)
  Data Path Delay:        0.332ns  (logic 0.190ns (57.304%)  route 0.142ns (42.696%))
  Logic Levels:           1  (LUT2=1)
  Clock Path Skew:        0.013ns (DCD - SCD - CPR)
    Destination Clock Delay (DCD):    2.066ns
    Source Clock Delay      (SCD):    1.552ns
    Clock Pessimism Removal (CPR):    0.501ns

    Location             Delay type                Incr(ns)  Path(ns)    Netlist Resource(s)
  -------------------------------------------------------------------    -------------------
                         (clock sys_clk rise edge)    0.000     0.000 r  
    W17                                               0.000     0.000 r  sys_clk (IN)
                         net (fo=0)                   0.000     0.000    sys_clk
    W17                  IBUF (Prop_ibuf_I_O)         0.252     0.252 r  sys_clk_IBUF_inst/O
                         net (fo=1, routed)           0.674     0.926    sys_clk_IBUF
    BUFGCTRL_X0Y2        BUFG (Prop_bufg_I_O)         0.026     0.952 r  sys_clk_IBUF_BUFG_inst/O
                         net (fo=85, routed)          0.600     1.552    u_pl/u_k1/sys_clk_IBUF_BUFG
    SLICE_X99Y23         FDRE                                         r  u_pl/u_k1/key_prev_reg/C
  -------------------------------------------------------------------    -------------------
    SLICE_X99Y23         FDRE (Prop_fdre_C_Q)         0.141     1.693 r  u_pl/u_k1/key_prev_reg/Q
                         net (fo=1, routed)           0.142     1.834    u_pl/u_k1/key_prev
    SLICE_X98Y23         LUT2 (Prop_lut2_I0_O)        0.049     1.883 r  u_pl/u_k1/pulse_i_1/O
                         net (fo=1, routed)           0.000     1.883    u_pl/u_k1/pulse0
    SLICE_X98Y23         FDRE                                         r  u_pl/u_k1/pulse_reg/D
  -------------------------------------------------------------------    -------------------

                         (clock sys_clk rise edge)    0.000     0.000 r  
    W17                                               0.000     0.000 r  sys_clk (IN)
                         net (fo=0)                   0.000     0.000    sys_clk
    W17                  IBUF (Prop_ibuf_I_O)         0.440     0.440 r  sys_clk_IBUF_inst/O
                         net (fo=1, routed)           0.731     1.171    sys_clk_IBUF
    BUFGCTRL_X0Y2        BUFG (Prop_bufg_I_O)         0.029     1.200 r  sys_clk_IBUF_BUFG_inst/O
                         net (fo=85, routed)          0.866     2.066    u_pl/u_k1/sys_clk_IBUF_BUFG
    SLICE_X98Y23         FDRE                                         r  u_pl/u_k1/pulse_reg/C
                         clock pessimism             -0.501     1.565    
    SLICE_X98Y23         FDRE (Hold_fdre_C_D)         0.131     1.696    u_pl/u_k1/pulse_reg
  -------------------------------------------------------------------
                         required time                         -1.696    
                         arrival time                           1.883    
  -------------------------------------------------------------------
                         slack                                  0.188    





Pulse Width Checks
--------------------------------------------------------------------------------------
Clock Name:         sys_clk
Waveform(ns):       { 0.000 10.000 }
Period(ns):         20.000
Sources:            { sys_clk }

Check Type        Corner  Lib Pin            Reference Pin  Required(ns)  Actual(ns)  Slack(ns)  Location         Pin
Min Period        n/a     BUFG/I             n/a            1.592         20.000      18.408     BUFGCTRL_X0Y2    sys_clk_IBUF_BUFG_inst/I
Max Period        n/a     MMCME2_ADV/CLKIN1  n/a            100.000       20.000      80.000     MMCME2_ADV_X1Y0  u_pl/u_clk/u_mmcm/CLKIN1
Low Pulse Width   Slow    MMCME2_ADV/CLKIN1  n/a            3.000         10.000      7.000      MMCME2_ADV_X1Y0  u_pl/u_clk/u_mmcm/CLKIN1
High Pulse Width  Slow    MMCME2_ADV/CLKIN1  n/a            3.000         10.000      7.000      MMCME2_ADV_X1Y0  u_pl/u_clk/u_mmcm/CLKIN1



---------------------------------------------------------------------------------------------------
From Clock:  clkfbout
  To Clock:  clkfbout

Setup :           NA  Failing Endpoints,  Worst Slack           NA  ,  Total Violation           NA
Hold  :           NA  Failing Endpoints,  Worst Slack           NA  ,  Total Violation           NA
PW    :            0  Failing Endpoints,  Worst Slack       18.408ns,  Total Violation        0.000ns
---------------------------------------------------------------------------------------------------


Pulse Width Checks
--------------------------------------------------------------------------------------
Clock Name:         clkfbout
Waveform(ns):       { 0.000 10.000 }
Period(ns):         20.000
Sources:            { u_pl/u_clk/u_mmcm/CLKFBOUT }

Check Type  Corner  Lib Pin             Reference Pin  Required(ns)  Actual(ns)  Slack(ns)  Location         Pin
Min Period  n/a     BUFG/I              n/a            1.592         20.000      18.408     BUFGCTRL_X0Y3    u_pl/u_clk/u_bufg_fb/I
Max Period  n/a     MMCME2_ADV/CLKFBIN  n/a            100.000       20.000      80.000     MMCME2_ADV_X1Y0  u_pl/u_clk/u_mmcm/CLKFBIN



---------------------------------------------------------------------------------------------------
From Clock:  clkout0
  To Clock:  clkout0

Setup :            0  Failing Endpoints,  Worst Slack       12.098ns,  Total Violation        0.000ns
Hold  :            0  Failing Endpoints,  Worst Slack        0.086ns,  Total Violation        0.000ns
PW    :            0  Failing Endpoints,  Worst Slack        8.870ns,  Total Violation        0.000ns
---------------------------------------------------------------------------------------------------


Max Delay Paths
--------------------------------------------------------------------------------------
Slack (MET) :             12.098ns  (required time - arrival time)
  Source:                 u_pl/bar_d3_reg[4]__0/C
                            (rising edge-triggered cell FDRE clocked by clkout0  {rise@0.000ns fall@10.000ns period=20.000ns})
  Destination:            u_pl/u_pipe/u_gray/dout_reg[15]/D
                            (rising edge-triggered cell FDCE clocked by clkout0  {rise@0.000ns fall@10.000ns period=20.000ns})
  Path Group:             clkout0
  Path Type:              Setup (Max at Slow Process Corner)
  Requirement:            20.000ns  (clkout0 rise@20.000ns - clkout0 rise@0.000ns)
  Data Path Delay:        7.793ns  (logic 3.939ns (50.544%)  route 3.854ns (49.456%))
  Logic Levels:           12  (CARRY4=7 LUT2=3 LUT3=1 LUT5=1)
  Clock Path Skew:        -0.067ns (DCD - SCD + CPR)
    Destination Clock Delay (DCD):    4.484ns = ( 24.484 - 20.000 ) 
    Source Clock Delay      (SCD):    4.893ns
    Clock Pessimism Removal (CPR):    0.342ns
  Clock Uncertainty:      0.110ns  ((TSJ^2 + DJ^2)^1/2) / 2 + PE
    Total System Jitter     (TSJ):    0.071ns
    Discrete Jitter          (DJ):    0.209ns
    Phase Error              (PE):    0.000ns

    Location             Delay type                Incr(ns)  Path(ns)    Netlist Resource(s)
  -------------------------------------------------------------------    -------------------
                         (clock clkout0 rise edge)    0.000     0.000 r  
    W17                                               0.000     0.000 r  sys_clk (IN)
                         net (fo=0)                   0.000     0.000    sys_clk
    W17                  IBUF (Prop_ibuf_I_O)         1.415     1.415 r  sys_clk_IBUF_inst/O
                         net (fo=1, routed)           1.873     3.288    sys_clk_IBUF
    BUFGCTRL_X0Y2        BUFG (Prop_bufg_I_O)         0.085     3.373 r  sys_clk_IBUF_BUFG_inst/O
                         net (fo=85, routed)          1.550     4.923    u_pl/u_clk/sys_clk_IBUF_BUFG
    MMCME2_ADV_X1Y0      MMCME2_ADV (Prop_mmcme2_adv_CLKIN1_CLKOUT0)
                                                     -3.232     1.691 r  u_pl/u_clk/u_mmcm/CLKOUT0
                         net (fo=1, routed)           1.597     3.288    u_pl/u_clk/clkout0
    BUFGCTRL_X0Y0        BUFG (Prop_bufg_I_O)         0.085     3.373 r  u_pl/u_clk/u_bufg_pix/O
                         net (fo=534, routed)         1.520     4.893    u_pl/clk_pix
    SLICE_X100Y10        FDRE                                         r  u_pl/bar_d3_reg[4]__0/C
  -------------------------------------------------------------------    -------------------
    SLICE_X100Y10        FDRE (Prop_fdre_C_Q)         0.398     5.291 r  u_pl/bar_d3_reg[4]__0/Q
                         net (fo=30, routed)          0.849     6.140    u_pl/u_pipe/u_gray/bar_d3[2]
    SLICE_X101Y15        LUT2 (Prop_lut2_I1_O)        0.232     6.372 r  u_pl/u_pipe/u_gray/y160__3_carry_i_3/O
                         net (fo=1, routed)           0.000     6.372    u_pl/u_pipe/u_gray/y160__3_carry_i_3_n_0
    SLICE_X101Y15        CARRY4 (Prop_carry4_S[1]_CO[3])
                                                      0.457     6.829 r  u_pl/u_pipe/u_gray/y160__3_carry/CO[3]
                         net (fo=1, routed)           0.000     6.829    u_pl/u_pipe/u_gray/y160__3_carry_n_0
    SLICE_X101Y16        CARRY4 (Prop_carry4_CI_O[0])
                                                      0.180     7.009 r  u_pl/u_pipe/u_gray/y160__3_carry__0/O[0]
                         net (fo=3, routed)           0.821     7.830    u_pl/u_pipe/u_gray/y160__3_carry__0_n_7
    SLICE_X104Y16        LUT5 (Prop_lut5_I3_O)        0.249     8.079 r  u_pl/u_pipe/u_gray/y160__20_carry__0_i_7/O
                         net (fo=1, routed)           0.000     8.079    u_pl/u_pipe/u_gray/y160__20_carry__0_i_7_n_0
    SLICE_X104Y16        CARRY4 (Prop_carry4_S[1]_CO[3])
                                                      0.444     8.523 r  u_pl/u_pipe/u_gray/y160__20_carry__0/CO[3]
                         net (fo=1, routed)           0.000     8.523    u_pl/u_pipe/u_gray/y160__20_carry__0_n_0
    SLICE_X104Y17        CARRY4 (Prop_carry4_CI_O[0])
                                                      0.178     8.701 r  u_pl/u_pipe/u_gray/y160__20_carry__1/O[0]
                         net (fo=2, routed)           0.640     9.341    u_pl/u_pipe/u_gray/y160[11]
    SLICE_X103Y17        LUT2 (Prop_lut2_I0_O)        0.238     9.579 r  u_pl/u_pipe/u_gray/y16_carry__1_i_1/O
                         net (fo=1, routed)           0.000     9.579    u_pl/u_pipe/u_gray/y16_carry__1_i_1_n_0
    SLICE_X103Y17        CARRY4 (Prop_carry4_S[3]_CO[3])
                                                      0.332     9.911 r  u_pl/u_pipe/u_gray/y16_carry__1/CO[3]
                         net (fo=1, routed)           0.000     9.911    u_pl/u_pipe/u_gray/y16_carry__1_n_0
    SLICE_X103Y18        CARRY4 (Prop_carry4_CI_O[1])
                                                      0.265    10.176 r  u_pl/u_pipe/u_gray/y16_carry__2/O[1]
                         net (fo=1, routed)           0.672    10.849    u_pl/u_pipe/u_gray/C[13]
    SLICE_X106Y17        LUT2 (Prop_lut2_I1_O)        0.250    11.099 r  u_pl/u_pipe/u_gray/y16__41_carry__2_i_3/O
                         net (fo=1, routed)           0.000    11.099    u_pl/u_pipe/u_gray/y16__41_carry__2_i_3_n_0
    SLICE_X106Y17        CARRY4 (Prop_carry4_S[0]_O[2])
                                                      0.453    11.552 r  u_pl/u_pipe/u_gray/y16__41_carry__2/O[2]
                         net (fo=3, routed)           0.872    12.423    u_pl/u_pipe/u_gray/y16[15]
    SLICE_X105Y18        LUT3 (Prop_lut3_I1_O)        0.263    12.686 r  u_pl/u_pipe/u_gray/dout[15]_i_1/O
                         net (fo=1, routed)           0.000    12.686    u_pl/u_pipe/u_gray/dout[15]_i_1_n_0
    SLICE_X105Y18        FDCE                                         r  u_pl/u_pipe/u_gray/dout_reg[15]/D
  -------------------------------------------------------------------    -------------------

                         (clock clkout0 rise edge)   20.000    20.000 r  
    W17                                               0.000    20.000 r  sys_clk (IN)
                         net (fo=0)                   0.000    20.000    sys_clk
    W17                  IBUF (Prop_ibuf_I_O)         1.349    21.349 r  sys_clk_IBUF_inst/O
                         net (fo=1, routed)           1.701    23.050    sys_clk_IBUF
    BUFGCTRL_X0Y2        BUFG (Prop_bufg_I_O)         0.077    23.127 r  sys_clk_IBUF_BUFG_inst/O
                         net (fo=85, routed)          1.384    24.511    u_pl/u_clk/sys_clk_IBUF_BUFG
    MMCME2_ADV_X1Y0      MMCME2_ADV (Prop_mmcme2_adv_CLKIN1_CLKOUT0)
                                                     -2.915    21.596 r  u_pl/u_clk/u_mmcm/CLKOUT0
                         net (fo=1, routed)           1.454    23.050    u_pl/u_clk/clkout0
    BUFGCTRL_X0Y0        BUFG (Prop_bufg_I_O)         0.077    23.127 r  u_pl/u_clk/u_bufg_pix/O
                         net (fo=534, routed)         1.357    24.484    u_pl/u_pipe/u_gray/clk_pix
    SLICE_X105Y18        FDCE                                         r  u_pl/u_pipe/u_gray/dout_reg[15]/C
                         clock pessimism              0.342    24.826    
                         clock uncertainty           -0.110    24.716    
    SLICE_X105Y18        FDCE (Setup_fdce_C_D)        0.069    24.785    u_pl/u_pipe/u_gray/dout_reg[15]
  -------------------------------------------------------------------
                         required time                         24.785    
                         arrival time                         -12.686    
  -------------------------------------------------------------------
                         slack                                 12.098    





Min Delay Paths
--------------------------------------------------------------------------------------
Slack (MET) :             0.086ns  (arrival time - required time)
  Source:                 u_pl/cx_d_reg[3][5]/C
                            (rising edge-triggered cell FDCE clocked by clkout0  {rise@0.000ns fall@10.000ns period=20.000ns})
  Destination:            u_pl/u_pipe/u_blur/lb1_reg_256_511_0_0/RAMS64E_A/ADR5
                            (rising edge-triggered cell RAMS64E clocked by clkout0  {rise@0.000ns fall@10.000ns period=20.000ns})
  Path Group:             clkout0
  Path Type:              Hold (Min at Fast Process Corner)
  Requirement:            0.000ns  (clkout0 rise@0.000ns - clkout0 rise@0.000ns)
  Data Path Delay:        0.294ns  (logic 0.141ns (48.004%)  route 0.153ns (51.996%))
  Logic Levels:           0  
  Clock Path Skew:        0.038ns (DCD - SCD - CPR)
    Destination Clock Delay (DCD):    2.081ns
    Source Clock Delay      (SCD):    1.562ns
    Clock Pessimism Removal (CPR):    0.481ns

    Location             Delay type                Incr(ns)  Path(ns)    Netlist Resource(s)
  -------------------------------------------------------------------    -------------------
                         (clock clkout0 rise edge)    0.000     0.000 r  
    W17                                               0.000     0.000 r  sys_clk (IN)
                         net (fo=0)                   0.000     0.000    sys_clk
    W17                  IBUF (Prop_ibuf_I_O)         0.252     0.252 r  sys_clk_IBUF_inst/O
                         net (fo=1, routed)           0.674     0.926    sys_clk_IBUF
    BUFGCTRL_X0Y2        BUFG (Prop_bufg_I_O)         0.026     0.952 r  sys_clk_IBUF_BUFG_inst/O
                         net (fo=85, routed)          0.595     1.547    u_pl/u_clk/sys_clk_IBUF_BUFG
    MMCME2_ADV_X1Y0      MMCME2_ADV (Prop_mmcme2_adv_CLKIN1_CLKOUT0)
                                                     -1.150     0.397 r  u_pl/u_clk/u_mmcm/CLKOUT0
                         net (fo=1, routed)           0.529     0.926    u_pl/u_clk/clkout0
    BUFGCTRL_X0Y0        BUFG (Prop_bufg_I_O)         0.026     0.952 r  u_pl/u_clk/u_bufg_pix/O
                         net (fo=534, routed)         0.610     1.562    u_pl/clk_pix
    SLICE_X103Y10        FDCE                                         r  u_pl/cx_d_reg[3][5]/C
  -------------------------------------------------------------------    -------------------
    SLICE_X103Y10        FDCE (Prop_fdce_C_Q)         0.141     1.703 r  u_pl/cx_d_reg[3][5]/Q
                         net (fo=129, routed)         0.153     1.855    u_pl/u_pipe/u_blur/lb1_reg_256_511_0_0/A5
    SLICE_X104Y9         RAMS64E                                      r  u_pl/u_pipe/u_blur/lb1_reg_256_511_0_0/RAMS64E_A/ADR5
  -------------------------------------------------------------------    -------------------

                         (clock clkout0 rise edge)    0.000     0.000 r  
    W17                                               0.000     0.000 r  sys_clk (IN)
                         net (fo=0)                   0.000     0.000    sys_clk
    W17                  IBUF (Prop_ibuf_I_O)         0.440     0.440 r  sys_clk_IBUF_inst/O
                         net (fo=1, routed)           0.731     1.171    sys_clk_IBUF
    BUFGCTRL_X0Y2        BUFG (Prop_bufg_I_O)         0.029     1.200 r  sys_clk_IBUF_BUFG_inst/O
                         net (fo=85, routed)          0.862     2.062    u_pl/u_clk/sys_clk_IBUF_BUFG
    MMCME2_ADV_X1Y0      MMCME2_ADV (Prop_mmcme2_adv_CLKIN1_CLKOUT0)
                                                     -1.467     0.595 r  u_pl/u_clk/u_mmcm/CLKOUT0
                         net (fo=1, routed)           0.576     1.171    u_pl/u_clk/clkout0
    BUFGCTRL_X0Y0        BUFG (Prop_bufg_I_O)         0.029     1.200 r  u_pl/u_clk/u_bufg_pix/O
                         net (fo=534, routed)         0.881     2.081    u_pl/u_pipe/u_blur/lb1_reg_256_511_0_0/WCLK
    SLICE_X104Y9         RAMS64E                                      r  u_pl/u_pipe/u_blur/lb1_reg_256_511_0_0/RAMS64E_A/CLK
                         clock pessimism             -0.481     1.600    
    SLICE_X104Y9         RAMS64E (Hold_rams64e_CLK_ADR5)
                                                      0.170     1.770    u_pl/u_pipe/u_blur/lb1_reg_256_511_0_0/RAMS64E_A
  -------------------------------------------------------------------
                         required time                         -1.770    
                         arrival time                           1.855    
  -------------------------------------------------------------------
                         slack                                  0.086    





Pulse Width Checks
--------------------------------------------------------------------------------------
Clock Name:         clkout0
Waveform(ns):       { 0.000 10.000 }
Period(ns):         20.000
Sources:            { u_pl/u_clk/u_mmcm/CLKOUT0 }

Check Type        Corner  Lib Pin             Reference Pin  Required(ns)  Actual(ns)  Slack(ns)  Location         Pin
Min Period        n/a     DSP48E1/CLK         n/a            3.272         20.000      16.728     DSP48_X3Y7       u_pl/u_rmap/xr_m_reg/CLK
Max Period        n/a     MMCME2_ADV/CLKOUT0  n/a            213.360       20.000      193.360    MMCME2_ADV_X1Y0  u_pl/u_clk/u_mmcm/CLKOUT0
Low Pulse Width   Slow    RAMS64E/CLK         n/a            1.130         10.000      8.870      SLICE_X104Y8     u_pl/u_pipe/u_blur/lb1_reg_0_255_0_0/RAMS64E_A/CLK
High Pulse Width  Slow    RAMS64E/CLK         n/a            1.130         10.000      8.870      SLICE_X104Y8     u_pl/u_pipe/u_blur/lb1_reg_0_255_0_0/RAMS64E_A/CLK



---------------------------------------------------------------------------------------------------
From Clock:  clkout1
  To Clock:  clkout1

Setup :           NA  Failing Endpoints,  Worst Slack           NA  ,  Total Violation           NA
Hold  :           NA  Failing Endpoints,  Worst Slack           NA  ,  Total Violation           NA
PW    :            0  Failing Endpoints,  Worst Slack        2.408ns,  Total Violation        0.000ns
---------------------------------------------------------------------------------------------------


Pulse Width Checks
--------------------------------------------------------------------------------------
Clock Name:         clkout1
Waveform(ns):       { 0.000 2.000 }
Period(ns):         4.000
Sources:            { u_pl/u_clk/u_mmcm/CLKOUT1 }

Check Type  Corner  Lib Pin             Reference Pin  Required(ns)  Actual(ns)  Slack(ns)  Location         Pin
Min Period  n/a     BUFG/I              n/a            1.592         4.000       2.408      BUFGCTRL_X0Y1    u_pl/u_clk/u_bufg_5x/I
Max Period  n/a     MMCME2_ADV/CLKOUT1  n/a            213.360       4.000       209.360    MMCME2_ADV_X1Y0  u_pl/u_clk/u_mmcm/CLKOUT1



---------------------------------------------------------------------------------------------------
From Clock:  sys_clk
  To Clock:  clkout0

Setup :            0  Failing Endpoints,  Worst Slack       10.666ns,  Total Violation        0.000ns
Hold  :            0  Failing Endpoints,  Worst Slack        0.516ns,  Total Violation        0.000ns
---------------------------------------------------------------------------------------------------


Max Delay Paths
--------------------------------------------------------------------------------------
Slack (MET) :             10.666ns  (required time - arrival time)
  Source:                 u_pl/u_ang/angle_reg[5]/C
                            (rising edge-triggered cell FDRE clocked by sys_clk  {rise@0.000ns fall@10.000ns period=20.000ns})
  Destination:            u_pl/u_rmap/xr_m_reg/PCIN[0]
                            (rising edge-triggered cell DSP48E1 clocked by clkout0  {rise@0.000ns fall@10.000ns period=20.000ns})
  Path Group:             clkout0
  Path Type:              Setup (Max at Slow Process Corner)
  Requirement:            20.000ns  (clkout0 rise@20.000ns - sys_clk rise@0.000ns)
  Data Path Delay:        7.835ns  (logic 4.250ns (54.246%)  route 3.585ns (45.754%))
  Logic Levels:           4  (DSP48E1=1 LUT5=1 LUT6=1 MUXF7=1)
  Clock Path Skew:        -0.076ns (DCD - SCD + CPR)
    Destination Clock Delay (DCD):    4.563ns = ( 24.563 - 20.000 ) 
    Source Clock Delay      (SCD):    4.884ns
    Clock Pessimism Removal (CPR):    0.246ns
  Clock Uncertainty:      0.249ns  ((TSJ^2 + DJ^2)^1/2) / 2 + PE
    Total System Jitter     (TSJ):    0.071ns
    Discrete Jitter          (DJ):    0.209ns
    Phase Error              (PE):    0.139ns

    Location             Delay type                Incr(ns)  Path(ns)    Netlist Resource(s)
  -------------------------------------------------------------------    -------------------
                         (clock sys_clk rise edge)    0.000     0.000 r  
    W17                                               0.000     0.000 r  sys_clk (IN)
                         net (fo=0)                   0.000     0.000    sys_clk
    W17                  IBUF (Prop_ibuf_I_O)         1.415     1.415 r  sys_clk_IBUF_inst/O
                         net (fo=1, routed)           1.873     3.288    sys_clk_IBUF
    BUFGCTRL_X0Y2        BUFG (Prop_bufg_I_O)         0.085     3.373 r  sys_clk_IBUF_BUFG_inst/O
                         net (fo=85, routed)          1.511     4.884    u_pl/u_ang/sys_clk_IBUF_BUFG
    SLICE_X93Y17         FDRE                                         r  u_pl/u_ang/angle_reg[5]/C
  -------------------------------------------------------------------    -------------------
    SLICE_X93Y17         FDRE (Prop_fdre_C_Q)         0.348     5.232 r  u_pl/u_ang/angle_reg[5]/Q
                         net (fo=102, routed)         2.500     7.733    u_pl/u_rmap/u_cos/yr_m1_2
    SLICE_X94Y8          LUT6 (Prop_lut6_I0_O)        0.239     7.972 r  u_pl/u_rmap/u_cos/xr_m1_i_85/O
                         net (fo=1, routed)           0.000     7.972    u_pl/u_rmap/u_cos/xr_m1_i_85_n_0
    SLICE_X94Y8          MUXF7 (Prop_muxf7_I1_O)      0.178     8.150 r  u_pl/u_rmap/u_cos/xr_m1_i_33/O
                         net (fo=1, routed)           0.470     8.620    u_pl/u_rmap/u_cos/xr_m1_i_33_n_0
    SLICE_X94Y9          LUT5 (Prop_lut5_I0_O)        0.241     8.861 r  u_pl/u_rmap/u_cos/xr_m1_i_9/O
                         net (fo=2, routed)           0.612     9.473    u_pl/u_rmap/u_cos_n_8
    DSP48_X3Y6           DSP48E1 (Prop_dsp48e1_B[1]_PCOUT[0])
                                                      3.244    12.717 r  u_pl/u_rmap/xr_m1/PCOUT[0]
                         net (fo=1, routed)           0.002    12.719    u_pl/u_rmap/xr_m1_n_153
    DSP48_X3Y7           DSP48E1                                      r  u_pl/u_rmap/xr_m_reg/PCIN[0]
  -------------------------------------------------------------------    -------------------

                         (clock clkout0 rise edge)   20.000    20.000 r  
    W17                                               0.000    20.000 r  sys_clk (IN)
                         net (fo=0)                   0.000    20.000    sys_clk
    W17                  IBUF (Prop_ibuf_I_O)         1.349    21.349 r  sys_clk_IBUF_inst/O
                         net (fo=1, routed)           1.701    23.050    sys_clk_IBUF
    BUFGCTRL_X0Y2        BUFG (Prop_bufg_I_O)         0.077    23.127 r  sys_clk_IBUF_BUFG_inst/O
                         net (fo=85, routed)          1.384    24.511    u_pl/u_clk/sys_clk_IBUF_BUFG
    MMCME2_ADV_X1Y0      MMCME2_ADV (Prop_mmcme2_adv_CLKIN1_CLKOUT0)
                                                     -2.915    21.596 r  u_pl/u_clk/u_mmcm/CLKOUT0
                         net (fo=1, routed)           1.454    23.050    u_pl/u_clk/clkout0
    BUFGCTRL_X0Y0        BUFG (Prop_bufg_I_O)         0.077    23.127 r  u_pl/u_clk/u_bufg_pix/O
                         net (fo=534, routed)         1.435    24.563    u_pl/u_rmap/clk_pix
    DSP48_X3Y7           DSP48E1                                      r  u_pl/u_rmap/xr_m_reg/CLK
                         clock pessimism              0.246    24.809    
                         clock uncertainty           -0.249    24.559    
    DSP48_X3Y7           DSP48E1 (Setup_dsp48e1_CLK_PCIN[0])
                                                     -1.174    23.385    u_pl/u_rmap/xr_m_reg
  -------------------------------------------------------------------
                         required time                         23.385    
                         arrival time                         -12.719    
  -------------------------------------------------------------------
                         slack                                 10.666    





Min Delay Paths
--------------------------------------------------------------------------------------
Slack (MET) :             0.516ns  (arrival time - required time)
  Source:                 u_pl/u_ang/angle_reg[3]/C
                            (rising edge-triggered cell FDRE clocked by sys_clk  {rise@0.000ns fall@10.000ns period=20.000ns})
  Destination:            u_pl/u_rmap/yr_m_reg/B[16]
                            (rising edge-triggered cell DSP48E1 clocked by clkout0  {rise@0.000ns fall@10.000ns period=20.000ns})
  Path Group:             clkout0
  Path Type:              Hold (Min at Fast Process Corner)
  Requirement:            0.000ns  (clkout0 rise@0.000ns - sys_clk rise@0.000ns)
  Data Path Delay:        0.700ns  (logic 0.186ns (26.566%)  route 0.514ns (73.434%))
  Logic Levels:           1  (LUT6=1)
  Clock Path Skew:        0.353ns (DCD - SCD - CPR)
    Destination Clock Delay (DCD):    2.156ns
    Source Clock Delay      (SCD):    1.556ns
    Clock Pessimism Removal (CPR):    0.248ns
  Clock Uncertainty:      0.249ns  ((TSJ^2 + DJ^2)^1/2) / 2 + PE
    Total System Jitter     (TSJ):    0.071ns
    Discrete Jitter          (DJ):    0.209ns
    Phase Error              (PE):    0.139ns

    Location             Delay type                Incr(ns)  Path(ns)    Netlist Resource(s)
  -------------------------------------------------------------------    -------------------
                         (clock sys_clk rise edge)    0.000     0.000 r  
    W17                                               0.000     0.000 r  sys_clk (IN)
                         net (fo=0)                   0.000     0.000    sys_clk
    W17                  IBUF (Prop_ibuf_I_O)         0.252     0.252 r  sys_clk_IBUF_inst/O
                         net (fo=1, routed)           0.674     0.926    sys_clk_IBUF
    BUFGCTRL_X0Y2        BUFG (Prop_bufg_I_O)         0.026     0.952 r  sys_clk_IBUF_BUFG_inst/O
                         net (fo=85, routed)          0.604     1.556    u_pl/u_ang/sys_clk_IBUF_BUFG
    SLICE_X93Y17         FDRE                                         r  u_pl/u_ang/angle_reg[3]/C
  -------------------------------------------------------------------    -------------------
    SLICE_X93Y17         FDRE (Prop_fdre_C_Q)         0.141     1.697 f  u_pl/u_ang/angle_reg[3]/Q
                         net (fo=86, routed)          0.313     2.009    u_pl/u_rmap/u_sin/yr_m_reg_1
    SLICE_X93Y14         LUT6 (Prop_lut6_I2_O)        0.045     2.054 r  u_pl/u_rmap/u_sin/xr_m_reg_i_1/O
                         net (fo=18, routed)          0.201     2.256    u_pl/u_rmap/u_sin_n_0
    DSP48_X3Y5           DSP48E1                                      r  u_pl/u_rmap/yr_m_reg/B[16]
  -------------------------------------------------------------------    -------------------

                         (clock clkout0 rise edge)    0.000     0.000 r  
    W17                                               0.000     0.000 r  sys_clk (IN)
                         net (fo=0)                   0.000     0.000    sys_clk
    W17                  IBUF (Prop_ibuf_I_O)         0.440     0.440 r  sys_clk_IBUF_inst/O
                         net (fo=1, routed)           0.731     1.171    sys_clk_IBUF
    BUFGCTRL_X0Y2        BUFG (Prop_bufg_I_O)         0.029     1.200 r  sys_clk_IBUF_BUFG_inst/O
                         net (fo=85, routed)          0.862     2.062    u_pl/u_clk/sys_clk_IBUF_BUFG
    MMCME2_ADV_X1Y0      MMCME2_ADV (Prop_mmcme2_adv_CLKIN1_CLKOUT0)
                                                     -1.467     0.595 r  u_pl/u_clk/u_mmcm/CLKOUT0
                         net (fo=1, routed)           0.576     1.171    u_pl/u_clk/clkout0
    BUFGCTRL_X0Y0        BUFG (Prop_bufg_I_O)         0.029     1.200 r  u_pl/u_clk/u_bufg_pix/O
                         net (fo=534, routed)         0.957     2.156    u_pl/u_rmap/clk_pix
    DSP48_X3Y5           DSP48E1                                      r  u_pl/u_rmap/yr_m_reg/CLK
                         clock pessimism             -0.248     1.909    
                         clock uncertainty            0.249     2.158    
    DSP48_X3Y5           DSP48E1 (Hold_dsp48e1_CLK_B[16])
                                                     -0.418     1.740    u_pl/u_rmap/yr_m_reg
  -------------------------------------------------------------------
                         required time                         -1.740    
                         arrival time                           2.256    
  -------------------------------------------------------------------
                         slack                                  0.516    





